// Jest Snapshot v1, https://goo.gl/fbAQLP

exports[`NavigationBar matches snapshot 1`] = `
{
  "asFragment": [Function],
  "baseElement": <body>
    <div>
      <header
        class="pf-v5-c-masthead pf-m-display-inline-on-md"
        style="width: 100%;"
      >
        <div
          class="pf-v5-c-masthead__main"
        >
          <a
            class="pf-v5-c-masthead__brand"
            href="/"
            style="display: flex; align-items: center; gap: 1rem;"
          >
            <img
              alt="PrivacyPal Shield Logo"
              data-nimg="1"
              decoding="async"
              height="48"
              loading="lazy"
              src="/_next/image?url=%2Fimg.jpg&w=96&q=75"
              srcset="/_next/image?url=%2Fimg.jpg&w=48&q=75 1x, /_next/image?url=%2Fimg.jpg&w=96&q=75 2x"
              style="color: transparent; margin: 0.5rem 0px;"
              width="48"
            />
          </a>
          <a
            href="/"
          >
            Home
          </a>
        </div>
        <div
          class="pf-v5-c-masthead__content"
          style="display: flex; gap: 1rem; justify-self: flex-end;"
        >
          <button
            aria-disabled="false"
            class="pf-v5-c-button pf-m-primary"
            data-ouia-component-id="OUIA-Generated-Button-primary-1"
            data-ouia-component-type="PF5/Button"
            data-ouia-safe="true"
            type="button"
          >
            Sign out
          </button>
          <a
            href="/user/dashboard"
            style="display: flex; flex-direction: column; align-items: center; margin: 0.5rem 0px; text-decoration: none;"
            title="Logged in as testuser"
          >
            <img
              alt="Profile picture"
              class="pf-v5-c-avatar pf-m-md"
              src="/img.jpg"
              style="cursor: pointer;"
            />
            <span
              style="font-size: 0.75rem; font-weight: bold;"
            >
              testuser
            </span>
            <span
              style="font-size: 0.66rem; font-weight: lighter; text-transform: capitalize;"
            >
              CLIENT
            </span>
          </a>
        </div>
      </header>
    </div>
  </body>,
  "container": <div>
    <header
      class="pf-v5-c-masthead pf-m-display-inline-on-md"
      style="width: 100%;"
    >
      <div
        class="pf-v5-c-masthead__main"
      >
        <a
          class="pf-v5-c-masthead__brand"
          href="/"
          style="display: flex; align-items: center; gap: 1rem;"
        >
          <img
            alt="PrivacyPal Shield Logo"
            data-nimg="1"
            decoding="async"
            height="48"
            loading="lazy"
            src="/_next/image?url=%2Fimg.jpg&w=96&q=75"
            srcset="/_next/image?url=%2Fimg.jpg&w=48&q=75 1x, /_next/image?url=%2Fimg.jpg&w=96&q=75 2x"
            style="color: transparent; margin: 0.5rem 0px;"
            width="48"
          />
        </a>
        <a
          href="/"
        >
          Home
        </a>
      </div>
      <div
        class="pf-v5-c-masthead__content"
        style="display: flex; gap: 1rem; justify-self: flex-end;"
      >
        <button
          aria-disabled="false"
          class="pf-v5-c-button pf-m-primary"
          data-ouia-component-id="OUIA-Generated-Button-primary-1"
          data-ouia-component-type="PF5/Button"
          data-ouia-safe="true"
          type="button"
        >
          Sign out
        </button>
        <a
          href="/user/dashboard"
          style="display: flex; flex-direction: column; align-items: center; margin: 0.5rem 0px; text-decoration: none;"
          title="Logged in as testuser"
        >
          <img
            alt="Profile picture"
            class="pf-v5-c-avatar pf-m-md"
            src="/img.jpg"
            style="cursor: pointer;"
          />
          <span
            style="font-size: 0.75rem; font-weight: bold;"
          >
            testuser
          </span>
          <span
            style="font-size: 0.66rem; font-weight: lighter; text-transform: capitalize;"
          >
            CLIENT
          </span>
        </a>
      </div>
    </header>
  </div>,
  "debug": [Function],
  "findAllByAltText": [Function],
  "findAllByDisplayValue": [Function],
  "findAllByLabelText": [Function],
  "findAllByPlaceholderText": [Function],
  "findAllByRole": [Function],
  "findAllByTestId": [Function],
  "findAllByText": [Function],
  "findAllByTitle": [Function],
  "findByAltText": [Function],
  "findByDisplayValue": [Function],
  "findByLabelText": [Function],
  "findByPlaceholderText": [Function],
  "findByRole": [Function],
  "findByTestId": [Function],
  "findByText": [Function],
  "findByTitle": [Function],
  "getAllByAltText": [Function],
  "getAllByDisplayValue": [Function],
  "getAllByLabelText": [Function],
  "getAllByPlaceholderText": [Function],
  "getAllByRole": [Function],
  "getAllByTestId": [Function],
  "getAllByText": [Function],
  "getAllByTitle": [Function],
  "getByAltText": [Function],
  "getByDisplayValue": [Function],
  "getByLabelText": [Function],
  "getByPlaceholderText": [Function],
  "getByRole": [Function],
  "getByTestId": [Function],
  "getByText": [Function],
  "getByTitle": [Function],
  "queryAllByAltText": [Function],
  "queryAllByDisplayValue": [Function],
  "queryAllByLabelText": [Function],
  "queryAllByPlaceholderText": [Function],
  "queryAllByRole": [Function],
  "queryAllByTestId": [Function],
  "queryAllByText": [Function],
  "queryAllByTitle": [Function],
  "queryByAltText": [Function],
  "queryByDisplayValue": [Function],
  "queryByLabelText": [Function],
  "queryByPlaceholderText": [Function],
  "queryByRole": [Function],
  "queryByTestId": [Function],
  "queryByText": [Function],
  "queryByTitle": [Function],
  "rerender": [Function],
  "unmount": [Function],
}
`;
