// Jest Snapshot v1, https://goo.gl/fbAQLP

exports[`ProfilePicture matches snapshot 1`] = `
{
  "asFragment": [Function],
  "baseElement": <body>
    <div>
      <a
        href="/user/dashboard"
        style="display: flex; flex-direction: column; align-items: center; margin: 0.5rem 0px; text-decoration: none;"
      >
        <img
          alt="Profile picture"
          class="pf-v5-c-avatar pf-m-md"
          src="/img.jpg"
          style="cursor: pointer;"
        />
        <span
          style="font-size: 0.75rem; font-weight: bold;"
        >
          testuser
        </span>
        <span
          style="font-size: 0.66rem; font-weight: lighter; text-transform: capitalize;"
        >
          CLIENT
        </span>
      </a>
    </div>
  </body>,
  "container": <div>
    <a
      href="/user/dashboard"
      style="display: flex; flex-direction: column; align-items: center; margin: 0.5rem 0px; text-decoration: none;"
    >
      <img
        alt="Profile picture"
        class="pf-v5-c-avatar pf-m-md"
        src="/img.jpg"
        style="cursor: pointer;"
      />
      <span
        style="font-size: 0.75rem; font-weight: bold;"
      >
        testuser
      </span>
      <span
        style="font-size: 0.66rem; font-weight: lighter; text-transform: capitalize;"
      >
        CLIENT
      </span>
    </a>
  </div>,
  "debug": [Function],
  "findAllByAltText": [Function],
  "findAllByDisplayValue": [Function],
  "findAllByLabelText": [Function],
  "findAllByPlaceholderText": [Function],
  "findAllByRole": [Function],
  "findAllByTestId": [Function],
  "findAllByText": [Function],
  "findAllByTitle": [Function],
  "findByAltText": [Function],
  "findByDisplayValue": [Function],
  "findByLabelText": [Function],
  "findByPlaceholderText": [Function],
  "findByRole": [Function],
  "findByTestId": [Function],
  "findByText": [Function],
  "findByTitle": [Function],
  "getAllByAltText": [Function],
  "getAllByDisplayValue": [Function],
  "getAllByLabelText": [Function],
  "getAllByPlaceholderText": [Function],
  "getAllByRole": [Function],
  "getAllByTestId": [Function],
  "getAllByText": [Function],
  "getAllByTitle": [Function],
  "getByAltText": [Function],
  "getByDisplayValue": [Function],
  "getByLabelText": [Function],
  "getByPlaceholderText": [Function],
  "getByRole": [Function],
  "getByTestId": [Function],
  "getByText": [Function],
  "getByTitle": [Function],
  "queryAllByAltText": [Function],
  "queryAllByDisplayValue": [Function],
  "queryAllByLabelText": [Function],
  "queryAllByPlaceholderText": [Function],
  "queryAllByRole": [Function],
  "queryAllByTestId": [Function],
  "queryAllByText": [Function],
  "queryAllByTitle": [Function],
  "queryByAltText": [Function],
  "queryByDisplayValue": [Function],
  "queryByLabelText": [Function],
  "queryByPlaceholderText": [Function],
  "queryByRole": [Function],
  "queryByTestId": [Function],
  "queryByText": [Function],
  "queryByTitle": [Function],
  "rerender": [Function],
  "unmount": [Function],
}
`;
