// Jest Snapshot v1, https://goo.gl/fbAQLP

exports[`Page UploadVideoForm matches snapshot 1`] = `
{
  "asFragment": [Function],
  "baseElement": <body>
    <div>
      <div
        class="pf-v5-c-card"
        data-ouia-component-id="OUIA-Generated-Card-1"
        data-ouia-component-type="PF5/Card"
        data-ouia-safe="true"
        id=""
      >
        <div
          class="pf-v5-c-card__title"
        >
          <h1
            class="pf-v5-c-card__title-text"
          >
            Upload a Video
          </h1>
        </div>
        <div
          class="pf-v5-c-card__body"
        >
           
          <input
            accept="video/mp4,video/x-msvideo,video/quicktime"
            alt="file upload"
            class="file-input"
            type="file"
          />
          <div
            class="pf-v5-c-action-list"
            style="display: flex; flex-direction: row; justify-content: center;"
          >
            <div
              class="pf-v5-c-action-list__item"
            >
              <button
                aria-disabled="false"
                class="pf-v5-c-button pf-m-primary"
                data-ouia-component-id="OUIA-Generated-Button-primary-1"
                data-ouia-component-type="PF5/Button"
                data-ouia-safe="true"
                type="button"
              >
                Submit video
              </button>
            </div>
            <div
              class="pf-v5-c-action-list__item"
            >
              <button
                aria-disabled="true"
                class="pf-v5-c-button pf-m-danger pf-m-disabled"
                data-ouia-component-id="OUIA-Generated-Button-danger-1"
                data-ouia-component-type="PF5/Button"
                data-ouia-safe="true"
                disabled=""
                type="button"
              >
                Record video
              </button>
            </div>
          </div>
        </div>
      </div>
    </div>
  </body>,
  "container": <div>
    <div
      class="pf-v5-c-card"
      data-ouia-component-id="OUIA-Generated-Card-1"
      data-ouia-component-type="PF5/Card"
      data-ouia-safe="true"
      id=""
    >
      <div
        class="pf-v5-c-card__title"
      >
        <h1
          class="pf-v5-c-card__title-text"
        >
          Upload a Video
        </h1>
      </div>
      <div
        class="pf-v5-c-card__body"
      >
         
        <input
          accept="video/mp4,video/x-msvideo,video/quicktime"
          alt="file upload"
          class="file-input"
          type="file"
        />
        <div
          class="pf-v5-c-action-list"
          style="display: flex; flex-direction: row; justify-content: center;"
        >
          <div
            class="pf-v5-c-action-list__item"
          >
            <button
              aria-disabled="false"
              class="pf-v5-c-button pf-m-primary"
              data-ouia-component-id="OUIA-Generated-Button-primary-1"
              data-ouia-component-type="PF5/Button"
              data-ouia-safe="true"
              type="button"
            >
              Submit video
            </button>
          </div>
          <div
            class="pf-v5-c-action-list__item"
          >
            <button
              aria-disabled="true"
              class="pf-v5-c-button pf-m-danger pf-m-disabled"
              data-ouia-component-id="OUIA-Generated-Button-danger-1"
              data-ouia-component-type="PF5/Button"
              data-ouia-safe="true"
              disabled=""
              type="button"
            >
              Record video
            </button>
          </div>
        </div>
      </div>
    </div>
  </div>,
  "debug": [Function],
  "findAllByAltText": [Function],
  "findAllByDisplayValue": [Function],
  "findAllByLabelText": [Function],
  "findAllByPlaceholderText": [Function],
  "findAllByRole": [Function],
  "findAllByTestId": [Function],
  "findAllByText": [Function],
  "findAllByTitle": [Function],
  "findByAltText": [Function],
  "findByDisplayValue": [Function],
  "findByLabelText": [Function],
  "findByPlaceholderText": [Function],
  "findByRole": [Function],
  "findByTestId": [Function],
  "findByText": [Function],
  "findByTitle": [Function],
  "getAllByAltText": [Function],
  "getAllByDisplayValue": [Function],
  "getAllByLabelText": [Function],
  "getAllByPlaceholderText": [Function],
  "getAllByRole": [Function],
  "getAllByTestId": [Function],
  "getAllByText": [Function],
  "getAllByTitle": [Function],
  "getByAltText": [Function],
  "getByDisplayValue": [Function],
  "getByLabelText": [Function],
  "getByPlaceholderText": [Function],
  "getByRole": [Function],
  "getByTestId": [Function],
  "getByText": [Function],
  "getByTitle": [Function],
  "queryAllByAltText": [Function],
  "queryAllByDisplayValue": [Function],
  "queryAllByLabelText": [Function],
  "queryAllByPlaceholderText": [Function],
  "queryAllByRole": [Function],
  "queryAllByTestId": [Function],
  "queryAllByText": [Function],
  "queryAllByTitle": [Function],
  "queryByAltText": [Function],
  "queryByDisplayValue": [Function],
  "queryByLabelText": [Function],
  "queryByPlaceholderText": [Function],
  "queryByRole": [Function],
  "queryByTestId": [Function],
  "queryByText": [Function],
  "queryByTitle": [Function],
  "rerender": [Function],
  "unmount": [Function],
}
`;
