// Jest Snapshot v1, https://goo.gl/fbAQLP

exports[`Page UploadVideoForm matches snapshot 1`] = `
{
  "asFragment": [Function],
  "baseElement": <body>
    <div>
      <div
        class="pf-v5-l-stack"
      >
        <div
          class="pf-v5-l-stack__item"
        >
          <input
            accept="video/mp4,video/x-msvideo,video/quicktime"
            alt="file upload"
            id="videoupload"
            type="file"
          />
        </div>
        <div
          class="pf-v5-l-stack__item"
        >
          <div
            class="pf-v5-l-grid"
          >
            <div
              class="pf-v5-l-grid__item pf-m-4-col"
            />
            <div
              class="pf-v5-l-grid__item pf-m-4-col"
            >
              <button
                aria-disabled="false"
                class="pf-v5-c-button pf-m-danger"
                data-ouia-component-id="OUIA-Generated-Button-danger-1"
                data-ouia-component-type="PF5/Button"
                data-ouia-safe="true"
                type="button"
              >
                Record video
              </button>
            </div>
            <div
              class="pf-v5-l-grid__item pf-m-4-col"
            >
              <button
                aria-disabled="false"
                class="pf-v5-c-button pf-m-primary"
                data-ouia-component-id="OUIA-Generated-Button-primary-1"
                data-ouia-component-type="PF5/Button"
                data-ouia-safe="true"
                type="button"
              >
                Submit video
              </button>
            </div>
          </div>
        </div>
      </div>
    </div>
  </body>,
  "container": <div>
    <div
      class="pf-v5-l-stack"
    >
      <div
        class="pf-v5-l-stack__item"
      >
        <input
          accept="video/mp4,video/x-msvideo,video/quicktime"
          alt="file upload"
          id="videoupload"
          type="file"
        />
      </div>
      <div
        class="pf-v5-l-stack__item"
      >
        <div
          class="pf-v5-l-grid"
        >
          <div
            class="pf-v5-l-grid__item pf-m-4-col"
          />
          <div
            class="pf-v5-l-grid__item pf-m-4-col"
          >
            <button
              aria-disabled="false"
              class="pf-v5-c-button pf-m-danger"
              data-ouia-component-id="OUIA-Generated-Button-danger-1"
              data-ouia-component-type="PF5/Button"
              data-ouia-safe="true"
              type="button"
            >
              Record video
            </button>
          </div>
          <div
            class="pf-v5-l-grid__item pf-m-4-col"
          >
            <button
              aria-disabled="false"
              class="pf-v5-c-button pf-m-primary"
              data-ouia-component-id="OUIA-Generated-Button-primary-1"
              data-ouia-component-type="PF5/Button"
              data-ouia-safe="true"
              type="button"
            >
              Submit video
            </button>
          </div>
        </div>
      </div>
    </div>
  </div>,
  "debug": [Function],
  "findAllByAltText": [Function],
  "findAllByDisplayValue": [Function],
  "findAllByLabelText": [Function],
  "findAllByPlaceholderText": [Function],
  "findAllByRole": [Function],
  "findAllByTestId": [Function],
  "findAllByText": [Function],
  "findAllByTitle": [Function],
  "findByAltText": [Function],
  "findByDisplayValue": [Function],
  "findByLabelText": [Function],
  "findByPlaceholderText": [Function],
  "findByRole": [Function],
  "findByTestId": [Function],
  "findByText": [Function],
  "findByTitle": [Function],
  "getAllByAltText": [Function],
  "getAllByDisplayValue": [Function],
  "getAllByLabelText": [Function],
  "getAllByPlaceholderText": [Function],
  "getAllByRole": [Function],
  "getAllByTestId": [Function],
  "getAllByText": [Function],
  "getAllByTitle": [Function],
  "getByAltText": [Function],
  "getByDisplayValue": [Function],
  "getByLabelText": [Function],
  "getByPlaceholderText": [Function],
  "getByRole": [Function],
  "getByTestId": [Function],
  "getByText": [Function],
  "getByTitle": [Function],
  "queryAllByAltText": [Function],
  "queryAllByDisplayValue": [Function],
  "queryAllByLabelText": [Function],
  "queryAllByPlaceholderText": [Function],
  "queryAllByRole": [Function],
  "queryAllByTestId": [Function],
  "queryAllByText": [Function],
  "queryAllByTitle": [Function],
  "queryByAltText": [Function],
  "queryByDisplayValue": [Function],
  "queryByLabelText": [Function],
  "queryByPlaceholderText": [Function],
  "queryByRole": [Function],
  "queryByTestId": [Function],
  "queryByText": [Function],
  "queryByTitle": [Function],
  "rerender": [Function],
  "unmount": [Function],
}
`;
